Microchip MPLAB XC8 Compiler V2.40

Linker command line:

-W-3 \
  --edf=C:\Program Files\Microchip\xc8\v2.40\pic\dat\20220703182018_en.msgs \
  -cn -h+dist/default/production\MotorControlSystem.X.production.sym \
  --cmf=dist/default/production\MotorControlSystem.X.production.cmf -z \
  -Q18F4620 -oC:\Users\yosse\AppData\Local\Temp\xcAsa9s.4 \
  --defsym=__MPLAB_BUILD=1 --fixupoverflow=error \
  -Mdist/default/production/MotorControlSystem.X.production.map \
  --md=C:\Users\yosse\AppData\Local\Temp\xcAsa9s.dat -E1 -ver=XC8 Compiler \
  --acfsm=1493 -AHEAP=0196h-0F7Fh -pheap=HEAP -ACODE=00h-0FFFFh \
  -ACONST=00h-0FFFFh -ASMALLCONST=01000h-010FFhx240 \
  -AMEDIUMCONST=01000h-0FFFFh -ACOMRAM=01h-07Fh -AABS1=00h-0F7Fh \
  -ABIGRAM=01h-0F7Fh -ARAM=080h-0FFh,0100h-01FFhx14,0F00h-0F7Fh \
  -ABANK0=080h-0FFh -ABANK1=0100h-01FFh -ABANK2=0200h-02FFh \
  -ABANK3=0300h-03FFh -ABANK4=0400h-04FFh -ABANK5=0500h-05FFh \
  -ABANK6=0600h-06FFh -ABANK7=0700h-07FFh -ABANK8=0800h-08FFh \
  -ABANK9=0900h-09FFh -ABANK10=0A00h-0AFFh -ABANK11=0B00h-0BFFh \
  -ABANK12=0C00h-0CFFh -ABANK13=0D00h-0DFFh -ABANK14=0E00h-0EFFh \
  -ABANK15=0F00h-0F7Fh -ASFR=0F80h-0FFFh -ABIGSFR=0F80h-0FFFh \
  -ACONFIG=0300000h-030000Dh -AIDLOC=0200000h-0200007h \
  -AEEDATA=0F00000h-0F003FFh -peeprom_data=EEDATA \
  -preset_vec=00h,intcode=08h,intcodelo=018h,powerup,init -pramtop=01000h \
  -psmallconst=SMALLCONST -pmediumconst=MEDIUMCONST -pconst=CONST \
  -AFARRAM=00h-00h \
  -prdata=COMRAM,nvrram=COMRAM,nvbit=COMRAM,rbss=COMRAM,rbit=COMRAM \
  -pfarbss=FARRAM,fardata=FARRAM,nvFARRAM=FARRAM \
  -pintsave_regs=BIGRAM,bigbss=BIGRAM,bigdata=BIGRAM -pbss=RAM \
  -pidata=CODE,irdata=CODE,ibigdata=CODE,ifardata=CODE -prparam=COMRAM \
  C:\Users\yosse\AppData\Local\Temp\xcAsa9s.o \
  dist/default/production\MotorControlSystem.X.production.o 

Object code version is 3.11

Machine type is 18F4620



                Name                               Link     Load   Length Selector   Space Scale
C:\Users\yosse\AppData\Local\Temp\xcAsa9s.o
                heap                                196      196      DEA      196       7
                idloc                            200000   200000        8        0       5
                config                           300000   300000        E        0       4
                init                                 26       26        4        C       0
                reset_vec                             0        0        4        0       0
dist/default/production\MotorControlSystem.X.production.o
                intcodelo                            18       18        E        C       0
                intcode                               8        8        6        4       0
                idloc                            200000   200000        8        0       5
                config                           300000   300000        E        0       4
                temp                                 7E       7E        1        1       1
                smallconst                         1000     1000       7E      800       0
                intcode_body                       4406     4406        6     21F3       0
                text47                             1D16     1D16      39A      83F       0
                text46                             326C     326C      108      83F       0
                text45                             43A2     43A2       26      83F       0
                text44                             25C4     25C4      1B4      83F       0
                text43                             3478     3478      104      83F       0
                text42                             153E     153E      42A      83F       0
                text41                             42B4     42B4       38      83F       0
                text40                             107E     107E      4C0      83F       0
                text39                             4232     4232       46      83F       0
                text38                             1968     1968      3AE      83F       0
                text37                             431C     431C       30      83F       0
                text36                             42EC     42EC       30      83F       0
                text35                             3DA8     3DA8       86      83F       0
                text34                             3EB2     3EB2       7A      83F       0
                text33                             237E     237E      246      83F       0
                text32                             2D5A     2D5A      160      83F       0
                text31                             3822     3822       CA      83F       0
                text30                             2EBA     2EBA      14A      83F       0
                text29                             4152     4152       50      83F       0
                text28                             41A2     41A2       4A      83F       0
                text27                             3FA2     3FA2       76      83F       0
                text26                             3F2C     3F2C       76      83F       0
                text25                             39AE     39AE       BE      83F       0
                text24                             3E2E     3E2E       84      83F       0
                text23                             40FC     40FC       56      83F       0
                text22                             434C     434C       2E      83F       0
                text21                             3A6C     3A6C       BC      83F       0
                text20                             2A8E     2A8E      16A      83F       0
                text19                             2BF8     2BF8      162      83F       0
                text18                             3D1E     3D1E       8A      83F       0
                text17                             3B28     3B28       B8      83F       0
                text16                             314C     314C      120      83F       0
                text15                             38EC     38EC       C2      83F       0
                text14                             3BE0     3BE0       A2      83F       0
                text13                             4400     4400        6     21F3       0
                text12                             3004     3004      148      83F       0
                text11                             437A     437A       28      83F       0
                text10                             4278     4278       3C      83F       0
                text9                              374C     374C       D6      83F       0
                text8                              2778     2778      1A0      83F       0
                text7                              41EC     41EC       46      83F       0
                text6                              43E6     43E6       1A     21F3       0
                text5                              3374     3374      104      83F       0
                text4                              2918     2918      176      83F       0
                text3                              3664     3664       E8      83F       0
                text2                              357C     357C       E8      83F       0
                text1                              3C82     3C82       9C      83F       0
                text0                              20B0     20B0      2CE      83F       0
                cstackCOMRAM                          1        1       7C        1       1
                cstackBANK0                          80       80       3C       80       1
                cstackBANK1                         189      189        D      100       1
                dataBANK1                           100      100       70      100       1
                bssBANK1                            170      170       19      100       1
                dataBANK0                            BC       BC       1D       80       1
                bssBANK0                             D9       D9       1B       80       1
                dataCOMRAM                           7D       7D        1        1       1
                cinit                              4018     4018       74      83F       0
                idataBANK1                         408C     408C       70      83F       0
                idataBANK0                         43C8     43C8       1D      83F       0
                idataCOMRAM                        440C     440C        1     21F3       0

TOTAL           Name                               Link     Load   Length     Space
        CLASS   HEAP           
                heap                                196      196      DEA         7

        CLASS   CODE           
                intcodelo                            18       18        E         0
                intcode                               8        8        6         0
                init                                 26       26        4         0
                reset_vec                             0        0        4         0
                intcode_body                       4406     4406        6         0
                text47                             1D16     1D16      39A         0
                text46                             326C     326C      108         0
                text45                             43A2     43A2       26         0
                text44                             25C4     25C4      1B4         0
                text43                             3478     3478      104         0
                text42                             153E     153E      42A         0
                text41                             42B4     42B4       38         0
                text40                             107E     107E      4C0         0
                text39                             4232     4232       46         0
                text38                             1968     1968      3AE         0
                text37                             431C     431C       30         0
                text36                             42EC     42EC       30         0
                text35                             3DA8     3DA8       86         0
                text34                             3EB2     3EB2       7A         0
                text33                             237E     237E      246         0
                text32                             2D5A     2D5A      160         0
                text31                             3822     3822       CA         0
                text30                             2EBA     2EBA      14A         0
                text29                             4152     4152       50         0
                text28                             41A2     41A2       4A         0
                text27                             3FA2     3FA2       76         0
                text26                             3F2C     3F2C       76         0
                text25                             39AE     39AE       BE         0
                text24                             3E2E     3E2E       84         0
                text23                             40FC     40FC       56         0
                text22                             434C     434C       2E         0
                text21                             3A6C     3A6C       BC         0
                text20                             2A8E     2A8E      16A         0
                text19                             2BF8     2BF8      162         0
                text18                             3D1E     3D1E       8A         0
                text17                             3B28     3B28       B8         0
                text16                             314C     314C      120         0
                text15                             38EC     38EC       C2         0
                text14                             3BE0     3BE0       A2         0
                text13                             4400     4400        6         0
                text12                             3004     3004      148         0
                text11                             437A     437A       28         0
                text10                             4278     4278       3C         0
                text9                              374C     374C       D6         0
                text8                              2778     2778      1A0         0
                text7                              41EC     41EC       46         0
                text6                              43E6     43E6       1A         0
                text5                              3374     3374      104         0
                text4                              2918     2918      176         0
                text3                              3664     3664       E8         0
                text2                              357C     357C       E8         0
                text1                              3C82     3C82       9C         0
                text0                              20B0     20B0      2CE         0
                cinit                              4018     4018       74         0
                idataBANK1                         408C     408C       70         0
                idataBANK0                         43C8     43C8       1D         0
                idataCOMRAM                        440C     440C        1         0

        CLASS   CONST          

        CLASS   SMALLCONST     
                smallconst                         1000     1000       7E         0

        CLASS   MEDIUMCONST    

        CLASS   COMRAM         
                temp                                 7E       7E        1         1
                cstackCOMRAM                          1        1       7C         1
                dataCOMRAM                           7D       7D        1         1

        CLASS   ABS1           

        CLASS   BIGRAM         

        CLASS   RAM            

        CLASS   BANK0          
                cstackBANK0                          80       80       3C         1
                dataBANK0                            BC       BC       1D         1
                bssBANK0                             D9       D9       1B         1

        CLASS   BANK1          
                cstackBANK1                         189      189        D         1
                dataBANK1                           100      100       70         1
                bssBANK1                            170      170       19         1

        CLASS   BANK2          

        CLASS   BANK3          

        CLASS   BANK4          

        CLASS   BANK5          

        CLASS   BANK6          

        CLASS   BANK7          

        CLASS   BANK8          

        CLASS   BANK9          

        CLASS   BANK10         

        CLASS   BANK11         

        CLASS   BANK12         

        CLASS   BANK13         

        CLASS   BANK14         

        CLASS   BANK15         

        CLASS   SFR            

        CLASS   BIGSFR         

        CLASS   CONFIG         
                config                           300000   300000        E         4

        CLASS   IDLOC          
                idloc                            200000   200000        8         5

        CLASS   EEDATA         

        CLASS   FARRAM         

        CLASS   STACK          



SEGMENTS        Name                           Load    Length   Top    Selector   Space  Class

                reset_vec                      000000  000004  000004         0       0  CODE    
                cstackCOMRAM                   000001  00007E  00007F         1       1  COMRAM  
                intcode                        000008  000006  00000E         4       0  CODE    
                intcodelo                      000018  000012  00002A         C       0  CODE    
                cstackBANK0                    000080  000074  0000F4        80       1  BANK0   
                dataBANK1                      000100  000096  000196       100       1  BANK1   
                heap                           000196  000DEA  000F80       196       7  HEAP    
                smallconst                     001000  00007E  00107E       800       0  SMALLCON
                text40                         00107E  003367  0043E5       83F       0  CODE    
                text6                          0043E6  000027  00440D      21F3       0  CODE    


UNUSED ADDRESS RANGES

        Name                Unused          Largest block    Delta
        BANK0            0000F4-0000FF                C
        BANK1            000196-0001FF               6A
        BANK10           000A00-000AFF              100
        BANK11           000B00-000BFF              100
        BANK12           000C00-000CFF              100
        BANK13           000D00-000DFF              100
        BANK14           000E00-000EFF              100
        BANK15           000F00-000F7F               80
        BANK2            000200-0002FF              100
        BANK3            000300-0003FF              100
        BANK4            000400-0004FF              100
        BANK5            000500-0005FF              100
        BANK6            000600-0006FF              100
        BANK7            000700-0007FF              100
        BANK8            000800-0008FF              100
        BANK9            000900-0009FF              100
        BIGRAM           00007F-00007F                1
                         0000F4-0000FF                C
                         000196-000F7F              DEA
        BIGSFR           000F80-000FFF               80
        CODE             000004-000007                4
                         00000E-000017                A
                         00002A-000FFF              FD6
                         0043E5-0043E5                1
                         00440D-00FFFF             BBF3
        COMRAM           00007F-00007F                1
        CONST            000004-000007                4
                         00000E-000017                A
                         00002A-000FFF              FD6
                         0043E5-0043E5                1
                         00440D-00FFFF             BBF3
        EEDATA           F00000-F003FF              400
        MEDIUMCONST      0043E5-0043E5                1
                         00440D-00FFFF             BBF3
        RAM              0000F4-0000FF                C
                         000196-000F7F              100
        SFR              000F80-000FFF               80
        SMALLCONST       0043E5-0043E5                1
                         00440D-00FFFF              100

                                  Symbol Table

?___fladd                                  cstackCOMRAM 000048
?___fldiv                                  cstackCOMRAM 00002F
?___flmul                                  cstackCOMRAM 000016
?___flneg                                  cstackCOMRAM 000002
?___flsub                                  cstackCOMRAM 000058
?___fltol                                  cstackBANK0  000080
?___wmul                                   cstackCOMRAM 000002
?___xxtofl                                 cstackCOMRAM 000008
?_roundf                                   cstackCOMRAM 000060
AddString_Buffer@NumberOfChars             cstackCOMRAM 00000C
AddString_Buffer@_Buffer                   cstackCOMRAM 000002
AddString_Buffer@bufferMaxSize             cstackCOMRAM 000004
AddString_Buffer@counter                   cstackCOMRAM 000010
AddString_Buffer@string                    cstackCOMRAM 000006
PCA9685_SetServoAngle_180@Angle            cstackBANK0  0000AD
PCA9685_SetServoAngle_180@Channel          cstackBANK0  0000B7
PCA9685_SetServoAngle_180@onTime_per_angle cstackBANK0  0000AE
PCA9685_SetServoAngle_180@ontime_us        cstackBANK0  0000B2
PCA9685_SetServoAngle_180@ret              cstackBANK0  0000B6
PCA9685_Set_DutyCycle@Channel              cstackBANK0  00009A
PCA9685_Set_DutyCycle@DutyCycle            cstackBANK0  000088
PCA9685_Set_DutyCycle@LedOff               cstackBANK0  000098
PCA9685_Set_DutyCycle@LedOn                cstackBANK0  00009D
PCA9685_Set_DutyCycle@delay                cstackBANK0  00008C
PCA9685_Set_DutyCycle@ledOnTime            cstackBANK0  00009B
PCA9685_Set_DutyCycle@ret                  cstackBANK0  000097
PCA9685_Set_OnTime_us@Channel              cstackBANK0  0000A7
PCA9685_Set_OnTime_us@DutyCycle            cstackBANK0  0000A3
PCA9685_Set_OnTime_us@OnTime               cstackBANK0  00009F
PCA9685_Set_OnTime_us@period_us            cstackBANK0  0000A8
PCA9685_Set_OnTime_us@ret                  cstackBANK0  0000AC
PCA9685_init@ACK                           cstackBANK0  00008F
PCA9685_init@Freq                          cstackBANK0  00008C
PCA9685_init@ret                           cstackBANK0  00008E
ServoControlHandler@angle                  cstackBANK0  0000B8
ServoControlHandler@channel                cstackCOMRAM 00007C
_AddString_Buffer                          text5        003374
_G_Freq                                    bssBANK0     0000F2
_G_PreScaler                               bssBANK0     0000F1
_InterruptManager_High                     intcode      000008
_InterruptManager_Low                      intcodelo    000018
_LATA                                      (abs)        000F89
_LATB                                      (abs)        000F8A
_LATC                                      (abs)        000F8B
_LATD                                      (abs)        000F8C
_LATE                                      (abs)        000F8D
_PCA9685_SetServoAngle_180                 text31       003822
_PCA9685_Set_DutyCycle                     text33       00237E
_PCA9685_Set_DutyCycle$2076                cstackBANK0  00008F
_PCA9685_Set_DutyCycle$2077                cstackBANK0  000093
_PCA9685_Set_OnTime_us                     text32       002D5A
_PCA9685_init                              text20       002A8E
_PIR1bits                                  (abs)        000F9E
_PORTA                                     (abs)        000F80
_PORTB                                     (abs)        000F81
_PORTC                                     (abs)        000F82
_PORTD                                     (abs)        000F83
_PORTE                                     (abs)        000F84
_PrescalerCalculation                      text21       003A6C
_PrescalerCalculation$2078                 cstackBANK0  000088
_RB4_flag                                  dataCOMRAM   00007D
_RB5_flag                                  dataBANK0    0000D2
_RB6_flag                                  dataBANK0    0000D1
_RB7_flag                                  dataBANK0    0000D0
_SSPADD                                    (abs)        000FC8
_SSPBUF                                    (abs)        000FC9
_SSPCON1bits                               (abs)        000FC6
_SSPCON2bits                               (abs)        000FC5
_SSPSTATbits                               (abs)        000FC7
_ServoControlHandler                       text22       00434C
_TRISA                                     (abs)        000F92
_TRISB                                     (abs)        000F93
_TRISC                                     (abs)        000F94
_TRISCbits                                 (abs)        000F94
_TRISD                                     (abs)        000F95
_TRISE                                     (abs)        000F96
__HRAM                                     (abs)        000000
__Habs1                                    abs1         000000
__Hbank0                                   bank0        000000
__Hbank1                                   bank1        000000
__Hbank10                                  bank10       000000
__Hbank11                                  bank11       000000
__Hbank12                                  bank12       000000
__Hbank13                                  bank13       000000
__Hbank14                                  bank14       000000
__Hbank15                                  bank15       000000
__Hbank2                                   bank2        000000
__Hbank3                                   bank3        000000
__Hbank4                                   bank4        000000
__Hbank5                                   bank5        000000
__Hbank6                                   bank6        000000
__Hbank7                                   bank7        000000
__Hbank8                                   bank8        000000
__Hbank9                                   bank9        000000
__Hbigbss                                  bigbss       000000
__Hbigdata                                 bigdata      000000
__Hbigram                                  bigram       000000
__Hbigsfr                                  bigsfr       000000
__Hbss                                     bss          000000
__HbssBANK0                                bssBANK0     000000
__HbssBANK1                                bssBANK1     000000
__Hcinit                                   cinit        000000
__Hclrtext                                 clrtext      000000
__Hcomram                                  comram       000000
__Hconfig                                  config       30000E
__Hconst                                   const        000000
__HcstackBANK0                             cstackBANK0  000000
__HcstackBANK1                             cstackBANK1  000000
__HcstackCOMRAM                            cstackCOMRAM 000000
__Hdata                                    data         000000
__HdataBANK0                               dataBANK0    000000
__HdataBANK1                               dataBANK1    000000
__HdataCOMRAM                              dataCOMRAM   000000
__Heeprom_data                             eeprom_data  000000
__Hfarbss                                  farbss       000000
__Hfardata                                 fardata      000000
__Hheap                                    heap         000F80
__Hibigdata                                ibigdata     000000
__Hidata                                   idata        000000
__HidataBANK0                              idataBANK0   000000
__HidataBANK1                              idataBANK1   000000
__HidataCOMRAM                             idataCOMRAM  000000
__Hidloc                                   idloc        200008
__Hifardata                                ifardata     000000
__Hinit                                    init         00002A
__Hintcode                                 intcode      00000E
__Hintcode_body                            intcode_body 000000
__Hintcodelo                               intcodelo    000026
__Hintentry                                intentry     000000
__Hintret                                  intret       000000
__Hintsave_regs                            intsave_regs 000000
__Hirdata                                  irdata       000000
__Hmediumconst                             mediumconst  000000
__HnvFARRAM                                nvFARRAM     000000
__Hnvbit                                   nvbit        000000
__Hnvrram                                  nvrram       000000
__Hparam                                   rparam       000000
__Hpowerup                                 powerup      000026
__Hram                                     ram          000000
__Hramtop                                  ramtop       001000
__Hrbit                                    rbit         000000
__Hrbss                                    rbss         000000
__Hrdata                                   rdata        000000
__Hreset_vec                               reset_vec    000004
__Hrparam                                  rparam       000000
__Hsfr                                     sfr          000000
__Hsmallconst                              smallconst   00107E
__Hspace_0                                 (abs)        00440D
__Hspace_1                                 (abs)        000196
__Hspace_2                                 (abs)        000000
__Hspace_4                                 (abs)        60000E
__Hstack                                   stack        000000
__Hstruct                                  struct       000000
__Htemp                                    temp         00007F
__Htext                                    text         000000
__Htext0                                   text0        000000
__Htext1                                   text1        000000
__Htext10                                  text10       000000
__Htext11                                  text11       000000
__Htext12                                  text12       000000
__Htext13                                  text13       000000
__Htext14                                  text14       000000
__Htext15                                  text15       000000
__Htext16                                  text16       000000
__Htext17                                  text17       000000
__Htext18                                  text18       000000
__Htext19                                  text19       000000
__Htext2                                   text2        000000
__Htext20                                  text20       000000
__Htext21                                  text21       000000
__Htext22                                  text22       000000
__Htext23                                  text23       000000
__Htext24                                  text24       000000
__Htext25                                  text25       000000
__Htext26                                  text26       000000
__Htext27                                  text27       000000
__Htext28                                  text28       000000
__Htext29                                  text29       000000
__Htext3                                   text3        000000
__Htext30                                  text30       000000
__Htext31                                  text31       000000
__Htext32                                  text32       000000
__Htext33                                  text33       000000
__Htext34                                  text34       000000
__Htext35                                  text35       000000
__Htext36                                  text36       000000
__Htext37                                  text37       000000
__Htext38                                  text38       000000
__Htext39                                  text39       000000
__Htext4                                   text4        000000
__Htext40                                  text40       000000
__Htext41                                  text41       000000
__Htext42                                  text42       000000
__Htext43                                  text43       000000
__Htext44                                  text44       000000
__Htext45                                  text45       000000
__Htext46                                  text46       000000
__Htext47                                  text47       000000
__Htext5                                   text5        000000
__Htext6                                   text6        000000
__Htext7                                   text7        000000
__Htext8                                   text8        000000
__Htext9                                   text9        000000
__LRAM                                     (abs)        000001
__Labs1                                    abs1         000000
__Lbank0                                   bank0        000000
__Lbank1                                   bank1        000000
__Lbank10                                  bank10       000000
__Lbank11                                  bank11       000000
__Lbank12                                  bank12       000000
__Lbank13                                  bank13       000000
__Lbank14                                  bank14       000000
__Lbank15                                  bank15       000000
__Lbank2                                   bank2        000000
__Lbank3                                   bank3        000000
__Lbank4                                   bank4        000000
__Lbank5                                   bank5        000000
__Lbank6                                   bank6        000000
__Lbank7                                   bank7        000000
__Lbank8                                   bank8        000000
__Lbank9                                   bank9        000000
__Lbigbss                                  bigbss       000000
__Lbigdata                                 bigdata      000000
__Lbigram                                  bigram       000000
__Lbigsfr                                  bigsfr       000000
__Lbss                                     bss          000000
__LbssBANK0                                bssBANK0     000000
__LbssBANK1                                bssBANK1     000000
__Lcinit                                   cinit        000000
__Lclrtext                                 clrtext      000000
__Lcomram                                  comram       000000
__Lconfig                                  config       000000
__Lconst                                   const        000000
__LcstackBANK0                             cstackBANK0  000000
__LcstackBANK1                             cstackBANK1  000000
__LcstackCOMRAM                            cstackCOMRAM 000000
__Ldata                                    data         000000
__LdataBANK0                               dataBANK0    000000
__LdataBANK1                               dataBANK1    000000
__LdataCOMRAM                              dataCOMRAM   000000
__Leeprom_data                             eeprom_data  000000
__Lfarbss                                  farbss       000000
__Lfardata                                 fardata      000000
__Lheap                                    heap         000196
__Libigdata                                ibigdata     000000
__Lidata                                   idata        000000
__LidataBANK0                              idataBANK0   000000
__LidataBANK1                              idataBANK1   000000
__LidataCOMRAM                             idataCOMRAM  000000
__Lidloc                                   idloc        000000
__Lifardata                                ifardata     000000
__Linit                                    init         000026
__Lintcode                                 intcode      000008
__Lintcode_body                            intcode_body 000000
__Lintcodelo                               intcodelo    000018
__Lintentry                                intentry     000000
__Lintret                                  intret       000000
__Lintsave_regs                            intsave_regs 000000
__Lirdata                                  irdata       000000
__Lmediumconst                             mediumconst  000000
__LnvFARRAM                                nvFARRAM     000000
__Lnvbit                                   nvbit        000000
__Lnvrram                                  nvrram       000000
__Lparam                                   rparam       000000
__Lpowerup                                 powerup      000026
__Lram                                     ram          000000
__Lramtop                                  ramtop       001000
__Lrbit                                    rbit         000000
__Lrbss                                    rbss         000000
__Lrdata                                   rdata        000000
__Lreset_vec                               reset_vec    000000
__Lrparam                                  rparam       000000
__Lsfr                                     sfr          000000
__Lsmallconst                              smallconst   001000
__Lspace_0                                 (abs)        000000
__Lspace_1                                 (abs)        000000
__Lspace_2                                 (abs)        000000
__Lspace_4                                 (abs)        000000
__Lstack                                   stack        000000
__Lstruct                                  struct       000000
__Ltemp                                    temp         00007E
__Ltext                                    text         000000
__Ltext0                                   text0        000000
__Ltext1                                   text1        000000
__Ltext10                                  text10       000000
__Ltext11                                  text11       000000
__Ltext12                                  text12       000000
__Ltext13                                  text13       000000
__Ltext14                                  text14       000000
__Ltext15                                  text15       000000
__Ltext16                                  text16       000000
__Ltext17                                  text17       000000
__Ltext18                                  text18       000000
__Ltext19                                  text19       000000
__Ltext2                                   text2        000000
__Ltext20                                  text20       000000
__Ltext21                                  text21       000000
__Ltext22                                  text22       000000
__Ltext23                                  text23       000000
__Ltext24                                  text24       000000
__Ltext25                                  text25       000000
__Ltext26                                  text26       000000
__Ltext27                                  text27       000000
__Ltext28                                  text28       000000
__Ltext29                                  text29       000000
__Ltext3                                   text3        000000
__Ltext30                                  text30       000000
__Ltext31                                  text31       000000
__Ltext32                                  text32       000000
__Ltext33                                  text33       000000
__Ltext34                                  text34       000000
__Ltext35                                  text35       000000
__Ltext36                                  text36       000000
__Ltext37                                  text37       000000
__Ltext38                                  text38       000000
__Ltext39                                  text39       000000
__Ltext4                                   text4        000000
__Ltext40                                  text40       000000
__Ltext41                                  text41       000000
__Ltext42                                  text42       000000
__Ltext43                                  text43       000000
__Ltext44                                  text44       000000
__Ltext45                                  text45       000000
__Ltext46                                  text46       000000
__Ltext47                                  text47       000000
__Ltext5                                   text5        000000
__Ltext6                                   text6        000000
__Ltext7                                   text7        000000
__Ltext8                                   text8        000000
__Ltext9                                   text9        000000
__S0                                       (abs)        00440D
__S1                                       (abs)        000196
__S4                                       (abs)        000000
__S5                                       (abs)        000000
__S7                                       (abs)        000F80
___fladd                                   text40       00107E
___fladd@a                                 cstackCOMRAM 00004C
___fladd@aexp                              cstackCOMRAM 000055
___fladd@b                                 cstackCOMRAM 000048
___fladd@bexp                              cstackCOMRAM 000056
___fladd@grs                               cstackCOMRAM 000057
___fladd@signs                             cstackCOMRAM 000054
___fldiv                                   text47       001D16
___fldiv@a                                 cstackCOMRAM 000033
___fldiv@aexp                              cstackCOMRAM 000047
___fldiv@b                                 cstackCOMRAM 00002F
___fldiv@bexp                              cstackCOMRAM 000046
___fldiv@grs                               cstackCOMRAM 000042
___fldiv@new_exp                           cstackCOMRAM 000040
___fldiv@rem                               cstackCOMRAM 00003B
___fldiv@sign                              cstackCOMRAM 00003F
___flge                                    text43       003478
___flge@ff1                                cstackCOMRAM 000002
___flge@ff2                                cstackCOMRAM 000006
___flmul                                   text42       00153E
___flmul@a                                 cstackCOMRAM 00001A
___flmul@aexp                              cstackCOMRAM 000023
___flmul@b                                 cstackCOMRAM 000016
___flmul@bexp                              cstackCOMRAM 000028
___flmul@grs                               cstackCOMRAM 000024
___flmul@prod                              cstackCOMRAM 000029
___flmul@sign                              cstackCOMRAM 000022
___flmul@temp                              cstackCOMRAM 00002D
___flneg                                   text41       0042B4
___flneg@f1                                cstackCOMRAM 000002
___flsub                                   text39       004232
___flsub@a                                 cstackCOMRAM 00005C
___flsub@b                                 cstackCOMRAM 000058
___fltol                                   text46       00326C
___fltol@exp1                              cstackCOMRAM 00007B
___fltol@f1                                cstackBANK0  000080
___fltol@sign1                             cstackCOMRAM 00007A
___freelist                                bssBANK0     0000E5
___heap_hi                                 heap         000F80
___heap_lo                                 heap         000196
___inthi_sp                                stack        000000
___intlo_sp                                stack        000000
___param_bank                              (abs)        000000
___rparam_used                             (abs)        000001
___sp                                      stack        000000
___wmul                                    text45       0043A2
___wmul@multiplicand                       cstackCOMRAM 000004
___wmul@multiplier                         cstackCOMRAM 000002
___wmul@product                            cstackCOMRAM 000006
___xxtofl                                  text44       0025C4
___xxtofl@arg                              cstackCOMRAM 000012
___xxtofl@exp                              cstackCOMRAM 000011
___xxtofl@sign                             cstackCOMRAM 000010
___xxtofl@val                              cstackCOMRAM 000008
__accesstop                                (abs)        000080
__activetblptr                             (abs)        000003
__end_of_AddString_Buffer                  text5        003478
__end_of_InterruptManager_High             intcode_body 00440C
__end_of_InterruptManager_Low              intcodelo    000026
__end_of_PCA9685_SetServoAngle_180         text31       0038EC
__end_of_PCA9685_Set_DutyCycle             text33       0025C4
__end_of_PCA9685_Set_OnTime_us             text32       002EBA
__end_of_PCA9685_init                      text20       002BF8
__end_of_PrescalerCalculation              text21       003B28
__end_of_ServoControlHandler               text22       00437A
__end_of___fladd                           text40       00153E
__end_of___fldiv                           text47       0020B0
__end_of___flge                            text43       00357C
__end_of___flmul                           text42       001968
__end_of___flneg                           text41       0042EC
__end_of___flsub                           text39       004278
__end_of___fltol                           text46       003374
__end_of___wmul                            text45       0043C8
__end_of___xxtofl                          text44       002778
__end_of__initialization                   cinit        004082
__end_of_app_inisialize                    text10       0042B4
__end_of_ecu_keypad_inisialize             text17       003BE0
__end_of_ecu_keypad_scan_value             text8        002918
__end_of_gpio_pin_direction_intialize      text19       002D5A
__end_of_gpio_pin_intialize                text18       003DA8
__end_of_gpio_pin_read_logic               text9        003822
__end_of_gpio_pin_write_logic              text30       003004
__end_of_i2c_Master_SendStart              text37       00434C
__end_of_i2c_Master_SendStop               text36       00431C
__end_of_i2c_Master_WriteByte_Blocking     text35       003E2E
__end_of_i2c_Master_config                 text15       0039AE
__end_of_i2c_Slave_config                  text14       003C82
__end_of_i2c_gpio_config                   text13       004406
__end_of_i2c_init                          text12       00314C
__end_of_keypad_values                     smallconst   001011
__end_of_lcd_4bit_init                     text16       00326C
__end_of_lcd_4bit_send_char                text27       004018
__end_of_lcd_4bit_send_char_pos            text7        004232
__end_of_lcd_4bit_send_command             text26       003FA2
__end_of_lcd_4bit_send_en_signal           text29       0041A2
__end_of_lcd_4bit_send_str_pos             text24       003EB2
__end_of_lcd_4bit_setCursor                text6        004400
__end_of_lcd_4bit_set_cursor               text25       003A6C
__end_of_lcd_AngleErrorScreen              text23       004152
__end_of_lcd_MainScreen                    text3        00374C
__end_of_lcd_ServoAngleScreen              text2        003664
__end_of_lcd_send_4bits                    text28       0041EC
__end_of_lcd_welcomeMessage                text1        003D1E
__end_of_main                              text0        00237E
__end_of_mcal_init                         text11       0043A2
__end_of_memset                            text4        002A8E
__end_of_roundf                            text38       001D16
__end_of_setOnTime_OffTime                 text34       003F2C
__end_of_toint                             smallconst   001015
__initialization                           cinit        004018
__lcd                                      dataBANK0    0000D3
__mediumconst                              mediumconst  000000
__pbssBANK0                                bssBANK0     0000D9
__pbssBANK1                                bssBANK1     000170
__pcinit                                   cinit        004018
__pcstackBANK0                             cstackBANK0  000080
__pcstackBANK1                             cstackBANK1  000189
__pcstackCOMRAM                            cstackCOMRAM 000001
__pdataBANK0                               dataBANK0    0000BC
__pdataBANK1                               dataBANK1    000100
__pdataCOMRAM                              dataCOMRAM   00007D
__pidataBANK0                              idataBANK0   0043C8
__pidataBANK1                              idataBANK1   00408C
__pidataCOMRAM                             idataCOMRAM  00440C
__pintcode                                 intcode      000008
__pintcode_body                            intcode_body 004406
__pintcodelo                               intcodelo    000018
__psmallconst                              smallconst   001000
__ptext0                                   text0        0020B0
__ptext1                                   text1        003C82
__ptext10                                  text10       004278
__ptext11                                  text11       00437A
__ptext12                                  text12       003004
__ptext13                                  text13       004400
__ptext14                                  text14       003BE0
__ptext15                                  text15       0038EC
__ptext16                                  text16       00314C
__ptext17                                  text17       003B28
__ptext18                                  text18       003D1E
__ptext19                                  text19       002BF8
__ptext2                                   text2        00357C
__ptext20                                  text20       002A8E
__ptext21                                  text21       003A6C
__ptext22                                  text22       00434C
__ptext23                                  text23       0040FC
__ptext24                                  text24       003E2E
__ptext25                                  text25       0039AE
__ptext26                                  text26       003F2C
__ptext27                                  text27       003FA2
__ptext28                                  text28       0041A2
__ptext29                                  text29       004152
__ptext3                                   text3        003664
__ptext30                                  text30       002EBA
__ptext31                                  text31       003822
__ptext32                                  text32       002D5A
__ptext33                                  text33       00237E
__ptext34                                  text34       003EB2
__ptext35                                  text35       003DA8
__ptext36                                  text36       0042EC
__ptext37                                  text37       00431C
__ptext38                                  text38       001968
__ptext39                                  text39       004232
__ptext4                                   text4        002918
__ptext40                                  text40       00107E
__ptext41                                  text41       0042B4
__ptext42                                  text42       00153E
__ptext43                                  text43       003478
__ptext44                                  text44       0025C4
__ptext45                                  text45       0043A2
__ptext46                                  text46       00326C
__ptext47                                  text47       001D16
__ptext5                                   text5        003374
__ptext6                                   text6        0043E6
__ptext7                                   text7        0041EC
__ptext8                                   text8        002778
__ptext9                                   text9        00374C
__ramtop                                   ramtop       001000
__smallconst                               smallconst   001000
_angle                                     bssBANK0     0000E7
_app_inisialize                            text10       004278
_ecu_keypad_inisialize                     text17       003B28
_ecu_keypad_scan_value                     text8        002778
_errno                                     bssBANK0     0000DF
_gpio_pin_direction_intialize              text19       002BF8
_gpio_pin_intialize                        text18       003D1E
_gpio_pin_read_logic                       text9        00374C
_gpio_pin_write_logic                      text30       002EBA
_i2c_Master_SendStart                      text37       00431C
_i2c_Master_SendStop                       text36       0042EC
_i2c_Master_WriteByte_Blocking             text35       003DA8
_i2c_Master_config                         text15       0038EC
_i2c_Slave_config                          text14       003BE0
_i2c_gpio_config                           text13       004400
_i2c_init                                  text12       003004
_keypad                                    dataBANK1    000168
_keypad_values                             smallconst   001001
_lat_reg                                   dataBANK0    0000C6
_lcd_4bit_init                             text16       00314C
_lcd_4bit_send_char                        text27       003FA2
_lcd_4bit_send_char_pos                    text7        0041EC
_lcd_4bit_send_command                     text26       003F2C
_lcd_4bit_send_en_signal                   text29       004152
_lcd_4bit_send_str_pos                     text24       003E2E
_lcd_4bit_setCursor                        text6        0043E6
_lcd_4bit_set_cursor                       text25       0039AE
_lcd_AngleErrorScreen                      text23       0040FC
_lcd_MainScreen                            text3        003664
_lcd_ServoAngleScreen                      text2        00357C
_lcd_send_4bits                            text28       0041A2
_lcd_welcomeMessage                        text1        003C82
_main                                      text0        0020B0
_main$1137                                 cstackBANK1  000189
_main$1138                                 cstackBANK1  00018B
_main$1139                                 cstackBANK1  00018D
_main$1140                                 cstackBANK1  00018F
_mcal_init                                 text11       00437A
_memset                                    text4        002918
_port_reg                                  dataBANK1    00015E
_roundf                                    text38       001968
_roundf$2079                               cstackCOMRAM 00006E
_roundf$2080                               cstackCOMRAM 000068
_setOnTime_OffTime                         text34       003EB2
_tris_reg                                  dataBANK0    0000BC
app_inisialize@ret                         cstackBANK0  000099
btemp                                      temp         00007E
ecu_keypad_inisialize@_keypad              cstackCOMRAM 000010
ecu_keypad_inisialize@count                cstackCOMRAM 000015
ecu_keypad_inisialize@ret                  cstackCOMRAM 000014
ecu_keypad_scan_value@_keypad              cstackCOMRAM 00000C
ecu_keypad_scan_value@col_logic            cstackCOMRAM 000019
ecu_keypad_scan_value@cols                 cstackCOMRAM 000014
ecu_keypad_scan_value@ret                  cstackCOMRAM 000018
ecu_keypad_scan_value@rows                 cstackCOMRAM 00001A
ecu_keypad_scan_value@value                cstackCOMRAM 00000E
end_of_initialization                      cinit        004082
gpio_pin_direction_intialize@pinCon        cstackCOMRAM 000002
gpio_pin_direction_intialize@ret           cstackCOMRAM 00000A
gpio_pin_intialize@pinCon                  cstackCOMRAM 00000C
gpio_pin_intialize@ret                     cstackCOMRAM 00000F
gpio_pin_read_logic@pinCon                 cstackCOMRAM 000002
gpio_pin_read_logic@ret                    cstackCOMRAM 00000B
gpio_pin_read_logic@ret_logic              cstackCOMRAM 000004
gpio_pin_write_logic@logic                 cstackCOMRAM 000004
gpio_pin_write_logic@pinCon                cstackCOMRAM 000002
gpio_pin_write_logic@ret                   cstackCOMRAM 00000B
i2c_Master_SendStart@ret                   cstackCOMRAM 000002
i2c_Master_SendStop@ret                    cstackCOMRAM 000002
i2c_Master_WriteByte_Blocking@Data         cstackCOMRAM 000004
i2c_Master_WriteByte_Blocking@_Ret_ACK     cstackCOMRAM 000002
i2c_Master_WriteByte_Blocking@ret          cstackCOMRAM 000005
i2c_Master_config@_i2c_config              cstackBANK0  000088
i2c_Slave_config@_i2c_config               cstackCOMRAM 000002
i2c_init@_i2c_config                       cstackBANK0  00008A
i2c_init@ret                               cstackBANK0  00008D
int$flags                                  temp         00007E
int_func                                   intcode_body 004406
intlevel0                                  text         000000
intlevel1                                  text         000000
intlevel2                                  text         000000
intlevel3                                  text         000000
isa$std                                    (abs)        000001
isa$xinst                                  (abs)        000000
lcd_4bit_init@_lcd                         cstackCOMRAM 000017
lcd_4bit_init@l_pin_count                  cstackCOMRAM 00001A
lcd_4bit_init@ret                          cstackCOMRAM 00001B
lcd_4bit_send_char@_lcd                    cstackCOMRAM 000013
lcd_4bit_send_char@data                    cstackCOMRAM 000015
lcd_4bit_send_char@ret                     cstackCOMRAM 000016
lcd_4bit_send_char_pos@_lcd                cstackCOMRAM 00001E
lcd_4bit_send_char_pos@col                 cstackCOMRAM 000022
lcd_4bit_send_char_pos@data                cstackCOMRAM 000020
lcd_4bit_send_char_pos@ret                 cstackCOMRAM 000023
lcd_4bit_send_char_pos@row                 cstackCOMRAM 000021
lcd_4bit_send_command@_lcd                 cstackCOMRAM 000013
lcd_4bit_send_command@comm                 cstackCOMRAM 000015
lcd_4bit_send_command@ret                  cstackCOMRAM 000016
lcd_4bit_send_en_signal@_lcd               cstackCOMRAM 00000C
lcd_4bit_send_en_signal@ret                cstackCOMRAM 00000E
lcd_4bit_send_str_pos@_lcd                 cstackCOMRAM 00001E
lcd_4bit_send_str_pos@col                  cstackCOMRAM 000023
lcd_4bit_send_str_pos@l_str_count          cstackCOMRAM 000024
lcd_4bit_send_str_pos@ret                  cstackCOMRAM 000025
lcd_4bit_send_str_pos@row                  cstackCOMRAM 000022
lcd_4bit_send_str_pos@str                  cstackCOMRAM 000020
lcd_4bit_setCursor@_lcd                    cstackCOMRAM 00001E
lcd_4bit_setCursor@col                     cstackCOMRAM 000021
lcd_4bit_setCursor@ret                     cstackCOMRAM 000022
lcd_4bit_setCursor@row                     cstackCOMRAM 000020
lcd_4bit_set_cursor@_lcd                   cstackCOMRAM 000017
lcd_4bit_set_cursor@colum                  cstackCOMRAM 00001A
lcd_4bit_set_cursor@ret                    cstackCOMRAM 00001D
lcd_4bit_set_cursor@row                    cstackCOMRAM 000019
lcd_AngleErrorScreen@F3621                 dataBANK1    000100
lcd_AngleErrorScreen@lcd_buffer            cstackCOMRAM 000028
lcd_MainScreen@F3613                       dataBANK1    00012A
lcd_MainScreen@lcd_buffer                  cstackCOMRAM 000026
lcd_ServoAngleScreen@F3617                 dataBANK1    000115
lcd_ServoAngleScreen@lcd_buffer            cstackCOMRAM 000026
lcd_send_4bits@_lcd                        cstackCOMRAM 00000C
lcd_send_4bits@l_count                     cstackCOMRAM 000012
lcd_send_4bits@ret                         cstackCOMRAM 000011
lcd_send_4bits@val                         cstackCOMRAM 00000E
lcd_welcomeMessage@F3609                   dataBANK1    00013F
lcd_welcomeMessage@lcd_buffer              cstackCOMRAM 000028
main@ServoChannel                          cstackBANK1  000191
main@kpdVal                                cstackBANK1  000195
main@l_counter                             cstackBANK1  000194
main@l_counter2                            cstackBANK1  000192
main@temp                                  cstackBANK1  000193
malloc@cur                                 bssBANK0     0000E3
malloc@end                                 bssBANK0     0000E1
malloc@lock                                bssBANK1     000181
mcal_init@F3484                            dataBANK1    000154
mcal_init@i2c                              cstackBANK0  00008F
mcal_init@ret                              cstackBANK0  00008E
memset@c                                   cstackCOMRAM 000004
memset@dest                                cstackCOMRAM 000002
memset@k                                   cstackCOMRAM 00000A
memset@n                                   cstackCOMRAM 000006
memset@s                                   cstackCOMRAM 00000C
roundf@F527                                bssBANK0     0000D9
roundf@e                                   cstackCOMRAM 00006C
roundf@u                                   cstackCOMRAM 000072
roundf@x                                   cstackCOMRAM 000060
roundf@y                                   cstackCOMRAM 000076
setOnTime_OffTime@ACK                      cstackCOMRAM 00000C
setOnTime_OffTime@Channel                  cstackCOMRAM 00000A
setOnTime_OffTime@OffTime                  cstackCOMRAM 000008
setOnTime_OffTime@onTime                   cstackCOMRAM 000006
setOnTime_OffTime@ret                      cstackCOMRAM 00000B
stackhi                                    (abs)        000000
stacklo                                    (abs)        000000
start                                      init         000026
start_initialization                       cinit        004018
ttemp5                                     temp         00007F
ttemp6                                     temp         000082
ttemp7                                     temp         000086
wtemp8                                     temp         00007F


MODULE INFORMATION

Module		Function		Class		Link	Load	Size
C:\Program Files\Microchip\xc8\v2.40\pic\sources\c99\common\sprcmul.c
		___flmul       		CODE           	153E	0000	1066

C:\Program Files\Microchip\xc8\v2.40\pic\sources\c99\common\sprcmul.c estimated size: 1066

../PIC18F4620/MotorControlSystem/MCAL_Layer/GPIO/HAL_GPIO.c
		_gpio_pin_write_logic		CODE           	2EBA	0000	330
		_gpio_pin_intialize		CODE           	3D1E	0000	138
		_gpio_pin_read_logic		CODE           	374C	0000	214
		_gpio_pin_direction_intialize		CODE           	2BF8	0000	354

../PIC18F4620/MotorControlSystem/MCAL_Layer/GPIO/HAL_GPIO.c estimated size: 1036

C:\Program Files\Microchip\xc8\v2.40\pic\sources\c99\common\sprcdiv.c
		___fldiv       		CODE           	1D16	0000	922

C:\Program Files\Microchip\xc8\v2.40\pic\sources\c99\common\sprcdiv.c estimated size: 922

../PIC18F4620/MotorControlSystem/ECU_layer/PCA9685/PCA9685.c
		_PrescalerCalculation		CODE           	3A6C	0000	188
		_PCA9685_init  		CODE           	2A8E	0000	362
		_PCA9685_Set_OnTime_us		CODE           	2D5A	0000	352
		_setOnTime_OffTime		CODE           	3EB2	0000	122
		_PCA9685_Set_DutyCycle		CODE           	237E	0000	582
		_PCA9685_SetServoAngle_180		CODE           	3822	0000	202

../PIC18F4620/MotorControlSystem/ECU_layer/PCA9685/PCA9685.c estimated size: 1808

C:\Program Files\Microchip\xc8\v2.40\pic\sources\c99\common\fltol.c
		___fltol       		CODE           	326C	0000	264

C:\Program Files\Microchip\xc8\v2.40\pic\sources\c99\common\fltol.c estimated size: 264

C:\Program Files\Microchip\xc8\v2.40\pic\sources\c99\common\Umul16.c
		___wmul        		CODE           	43A2	0000	38

C:\Program Files\Microchip\xc8\v2.40\pic\sources\c99\common\Umul16.c estimated size: 38

../PIC18F4620/MotorControlSystem/MCAL_Layer/I2C/I2C.c
		_i2c_Master_WriteByte_Blocking		CODE           	3DA8	0000	134
		_i2c_Master_SendStart		CODE           	431C	0000	48
		_i2c_Master_config		CODE           	38EC	0000	194
		_i2c_gpio_config		CODE           	4400	0000	6
		_i2c_init      		CODE           	3004	0000	328
		_i2c_Master_SendStop		CODE           	42EC	0000	48
		_i2c_Slave_config		CODE           	3BE0	0000	162

../PIC18F4620/MotorControlSystem/MCAL_Layer/I2C/I2C.c estimated size: 920

../PIC18F4620/MotorControlSystem/ECU_layer/keypad/keypad.c
		_ecu_keypad_scan_value		CODE           	2778	0000	416
		_ecu_keypad_inisialize		CODE           	3B28	0000	184

../PIC18F4620/MotorControlSystem/ECU_layer/keypad/keypad.c estimated size: 600

../PIC18F4620/MotorControlSystem/ECU_layer/lcd/lcd.c
		_lcd_4bit_send_command		CODE           	3F2C	0000	118
		_lcd_4bit_send_en_signal		CODE           	4152	0000	80
		_lcd_4bit_send_char		CODE           	3FA2	0000	118
		_lcd_send_4bits		CODE           	41A2	0000	74
		_lcd_4bit_send_str_pos		CODE           	3E2E	0000	132
		_lcd_4bit_set_cursor		CODE           	39AE	0000	190
		_lcd_4bit_setCursor		CODE           	43E6	0000	26
		_lcd_4bit_send_char_pos		CODE           	41EC	0000	70
		_lcd_4bit_init 		CODE           	314C	0000	288

../PIC18F4620/MotorControlSystem/ECU_layer/lcd/lcd.c estimated size: 1096

../PIC18F4620/MotorControlSystem/MCAL_Layer/interrupt/mcal_interrupt_manager.c
		_InterruptManager_Low		CODE           	0018	0000	14
		_InterruptManager_High		CODE           	0008	0000	12

../PIC18F4620/MotorControlSystem/MCAL_Layer/interrupt/mcal_interrupt_manager.c estimated size: 26

C:\Program Files\Microchip\xc8\v2.40\pic\sources\c99\common\sprcadd.c
		___flsub       		CODE           	4232	0000	70
		___fladd       		CODE           	107E	0000	1216

C:\Program Files\Microchip\xc8\v2.40\pic\sources\c99\common\sprcadd.c estimated size: 1286

C:\Program Files\Microchip\xc8\v2.40\pic\sources\c99\common\roundf.c
		_roundf        		CODE           	1968	0000	942

C:\Program Files\Microchip\xc8\v2.40\pic\sources\c99\common\roundf.c estimated size: 942

../PIC18F4620/MotorControlSystem/MCAL_Layer/MCAL_INIT.c
		_mcal_init     		CODE           	437A	0000	40

../PIC18F4620/MotorControlSystem/MCAL_Layer/MCAL_INIT.c estimated size: 40

C:\Program Files\Microchip\xc8\v2.40\pic\sources\c99\common\flneg.c
		___flneg       		CODE           	42B4	0000	56

C:\Program Files\Microchip\xc8\v2.40\pic\sources\c99\common\flneg.c estimated size: 56

../PIC18F4620/MotorControlSystem/ECU_layer/ECU_INIT.c
		_app_inisialize		CODE           	4278	0000	60

../PIC18F4620/MotorControlSystem/ECU_layer/ECU_INIT.c estimated size: 60

C:\Program Files\Microchip\xc8\v2.40\pic\sources\c99\common\xxtofl.c
		___xxtofl      		CODE           	25C4	0000	436

C:\Program Files\Microchip\xc8\v2.40\pic\sources\c99\common\xxtofl.c estimated size: 436

shared
		__initialization		CODE           	4018	0000	106
		_toint         		SMALLCONST     	0000	0000	0
		_keypad_values 		SMALLCONST     	1001	0000	16

shared estimated size: 122

C:\Program Files\Microchip\xc8\v2.40\pic\sources\c99\common\flge.c
		___flge        		CODE           	3478	0000	260

C:\Program Files\Microchip\xc8\v2.40\pic\sources\c99\common\flge.c estimated size: 260

C:\Program Files\Microchip\xc8\v2.40\pic\sources\c99\common\memset.c
		_memset        		CODE           	2918	0000	374

C:\Program Files\Microchip\xc8\v2.40\pic\sources\c99\common\memset.c estimated size: 374

../PIC18F4620/MotorControlSystem/app.c
		_ServoControlHandler		CODE           	434C	0000	46
		_main          		CODE           	20B0	0000	718
		_lcd_ServoAngleScreen		CODE           	357C	0000	232
		_lcd_welcomeMessage		CODE           	3C82	0000	156
		_AddString_Buffer		CODE           	3374	0000	260
		_lcd_MainScreen		CODE           	3664	0000	232
		_lcd_AngleErrorScreen		CODE           	40FC	0000	86

../PIC18F4620/MotorControlSystem/app.c estimated size: 1730

